[preview.colorlib.com/theme/humanresources/index.html]
[backblue.gif]
[fade.gif]
[index.html]
[preview.colorlib.com/theme/humanresources/css/style.css]
[preview.colorlib.com/theme/humanresources/index-2.html]
[preview.colorlib.com/theme/humanresources/about.html]
[preview.colorlib.com/theme/humanresources/services.html]
[preview.colorlib.com/theme/humanresources/blog.html]
[preview.colorlib.com/theme/humanresources/contact.html]
[preview.colorlib.com/theme/humanresources/images/hero_1.jpg]
[preview.colorlib.com/theme/humanresources/images/flaticon/svg/001-consultation.svg]
[preview.colorlib.com/theme/humanresources/images/flaticon/svg/002-discussion.svg]
[preview.colorlib.com/theme/humanresources/images/flaticon/svg/003-turnover.svg]
[preview.colorlib.com/theme/humanresources/images/slider-1.jpg]
[preview.colorlib.com/theme/humanresources/images/slider-2.jpg]
[preview.colorlib.com/theme/humanresources/images/slider-3.jpg]
[preview.colorlib.com/theme/humanresources/images/person_1.jpg]
[preview.colorlib.com/theme/humanresources/images/person_2.jpg]
[preview.colorlib.com/theme/humanresources/images/person_3.jpg]
[preview.colorlib.com/theme/humanresources/images/flaticon/svg/004-gear.svg]
[preview.colorlib.com/theme/humanresources/images/flaticon/svg/005-conflict.svg]
[preview.colorlib.com/theme/humanresources/images/flaticon/svg/006-meeting.svg]
[preview.colorlib.com/theme/humanresources/images/flaticon/svg/007-brainstorming.svg]
[preview.colorlib.com/theme/humanresources/images/flaticon/svg/009-brainstorming-2.svg]
[preview.colorlib.com/theme/humanresources/images/slider-4.jpg]
[preview.colorlib.com/theme/humanresources/js/scripts-all.js]
[preview.colorlib.com/theme/humanresources/js/main.js]
[preview.colorlib.com/theme/humanresources/index.html]
[preview.colorlib.com/theme/humanresources/fonts/icomoon/fonts/icomoon6766.eot]
[preview.colorlib.com/theme/humanresources/fonts/icomoon/fonts/icomoon6766.woff]
[preview.colorlib.com/theme/humanresources/fonts/icomoon/fonts/icomoon6766.ttf]
[preview.colorlib.com/theme/humanresources/fonts/icomoon/fonts/icomoon6766.svg]
[preview.colorlib.com/theme/humanresources/fonts/ionicons/fonts/ionicons28b5.eot]
[preview.colorlib.com/theme/humanresources/fonts/ionicons/fonts/ionicons28b5.ttf]
[preview.colorlib.com/theme/humanresources/fonts/ionicons/fonts/ionicons28b5.woff]
[preview.colorlib.com/theme/humanresources/css/style.css]
[preview.colorlib.com/cdn-cgi/zaraz/sd0d9.js]
[preview.colorlib.com/theme/humanresources/index-2.html]
[preview.colorlib.com/theme/humanresources/about.html]
[preview.colorlib.com/theme/humanresources/services.html]
[preview.colorlib.com/theme/humanresources/blog-single.html]
[preview.colorlib.com/theme/humanresources/fonts/ionicons/fonts/ionicons28b5.svg]
[preview.colorlib.com/theme/humanresources/images/hero_2.jpg]
[preview.colorlib.com/theme/humanresources/images/hero_3.jpg]
[preview.colorlib.com/theme/humanresources/images/img_4.jpg]
[preview.colorlib.com/theme/humanresources/blog.html]
[preview.colorlib.com/theme/humanresources/contact.html]
[preview.colorlib.com/theme/humanresources/images/flaticon/svg/001-consultation.svg]
[preview.colorlib.com/theme/humanresources/images/flaticon/svg/002-discussion.svg]
[preview.colorlib.com/theme/humanresources/images/flaticon/svg/003-turnover.svg]
[preview.colorlib.com/theme/humanresources/images/flaticon/svg/004-gear.svg]
[preview.colorlib.com/theme/humanresources/images/flaticon/svg/005-conflict.svg]
[preview.colorlib.com/theme/humanresources/images/flaticon/svg/006-meeting.svg]
[preview.colorlib.com/theme/humanresources/images/flaticon/svg/007-brainstorming.svg]
[preview.colorlib.com/theme/humanresources/images/flaticon/svg/009-brainstorming-2.svg]
[preview.colorlib.com/cdn-cgi/scripts/5c5dd728/cloudflare-static/email-decode.min.js]
[preview.colorlib.com/theme/humanresources/fonts/icomoon/fonts/icomoon6766.svg]
[preview.colorlib.com/theme/humanresources/fonts/ionicons/fonts/ionicons28b5.svg]
[preview.colorlib.com/theme/humanresources/blog-single.html]
